// Jest Snapshot v1, https://goo.gl/fbAQLP

exports[`PhoneList suite should render the ProductsList component 1`] = `
<div
  className="container"
  role="list"
>
  <div
    className="container phone-list-item"
    onClick={[Function]}
    onKeyUp={[Function]}
    role="listitem"
    tabIndex={0}
  >
    <img
      alt="Iphone X"
      className="phoneImg"
      id="img-1"
      src="https://img.shoppydoo.es/products/7/apple_iphone_x_64gb-300x300.jpg"
    />
    <h2
      className="title title"
    >
      Iphone X
    </h2>
    <p
      className="price price"
    >
      999$
    </p>
    <a
      className="btnAction"
      href="#"
      id="button-1"
      onClick={[Function]}
    >
      See more
    </a>
  </div>
  <div
    className="container phone-list-item"
    onClick={[Function]}
    onKeyUp={[Function]}
    role="listitem"
    tabIndex={0}
  >
    <img
      alt="Samsung Galaxy S9"
      className="phoneImg"
      id="img-2"
      src="https://www.satugadget.com.my/content/images/thumbs/0008898_samsung-galaxy-s9-plus-256gb-purple-original-malaysia-set_300.jpeg"
    />
    <h2
      className="title title"
    >
      Samsung Galaxy S9
    </h2>
    <p
      className="price price"
    >
      899$
    </p>
    <a
      className="btnAction"
      href="#"
      id="button-2"
      onClick={[Function]}
    >
      See more
    </a>
  </div>
</div>
`;
