// Jest Snapshot v1, https://goo.gl/fbAQLP

exports[`PhoneListItem suite should render the ProductsListItem component 1`] = `
<div
  className="container phone-list-item"
  id="phone-list-item-container-1"
  onClick={[Function]}
  onKeyUp={[Function]}
  role="listitem"
  tabIndex={0}
>
  <img
    alt="Iphone X"
    className="phoneImg"
    src="https://img.shoppydoo.es/products/7/apple_iphone_x_64gb-300x300.jpg"
  />
  <h2
    className="title"
  >
    Iphone X
  </h2>
  <p
    className="price"
  >
    999$
  </p>
  <a
    className="btnAction"
    href="#"
    onClick={[Function]}
  >
    See more
  </a>
</div>
`;
